2026-04-28 13:38:05,322 INFO o.a.j.u.JMeterUtils: Setting Locale to en_EN
2026-04-28 13:38:05,360 INFO o.a.j.JMeter: Loading user properties from: C:\Users\maira\scoop\apps\jmeter\current\bin\user.properties
2026-04-28 13:38:05,362 INFO o.a.j.JMeter: Loading system properties from: C:\Users\maira\scoop\apps\jmeter\current\bin\system.properties
2026-04-28 13:38:05,373 INFO o.a.j.JMeter: Copyright (c) 1998-2024 The Apache Software Foundation
2026-04-28 13:38:05,374 INFO o.a.j.JMeter: Version 5.6.3
2026-04-28 13:38:05,374 INFO o.a.j.JMeter: java.version=22.0.2
2026-04-28 13:38:05,374 INFO o.a.j.JMeter: java.vm.name=Java HotSpot(TM) 64-Bit Server VM
2026-04-28 13:38:05,374 INFO o.a.j.JMeter: os.name=Windows 10
2026-04-28 13:38:05,374 INFO o.a.j.JMeter: os.arch=amd64
2026-04-28 13:38:05,374 INFO o.a.j.JMeter: os.version=10.0
2026-04-28 13:38:05,374 INFO o.a.j.JMeter: file.encoding=UTF-8
2026-04-28 13:38:05,374 INFO o.a.j.JMeter: java.awt.headless=true
2026-04-28 13:38:05,374 INFO o.a.j.JMeter: Max memory     =1073741824
2026-04-28 13:38:05,374 INFO o.a.j.JMeter: Available Processors =8
2026-04-28 13:38:05,393 INFO o.a.j.JMeter: Default Locale=English (EN)
2026-04-28 13:38:05,394 INFO o.a.j.JMeter: JMeter  Locale=English (EN)
2026-04-28 13:38:05,394 INFO o.a.j.JMeter: JMeterHome=C:\Users\maira\scoop\apps\jmeter\current
2026-04-28 13:38:05,394 INFO o.a.j.JMeter: user.dir  =D:\UI\Fasilkom\Semester 4\AdvProg\Tutorial\exercise-profiling
2026-04-28 13:38:05,395 INFO o.a.j.JMeter: PWD       =D:\UI\Fasilkom\Semester 4\AdvProg\Tutorial\exercise-profiling
2026-04-28 13:38:09,932 INFO o.a.j.JMeter: IP: 192.168.56.1 Name: DESKTOP-4RD1RSE FullName: DESKTOP-4RD1RSE
2026-04-28 13:38:09,960 INFO o.a.j.s.FileServer: Default base='D:\UI\Fasilkom\Semester 4\AdvProg\Tutorial\exercise-profiling'
2026-04-28 13:38:09,963 INFO o.a.j.s.FileServer: Set new base='D:\UI\Fasilkom\Semester 4\AdvProg\Tutorial\exercise-profiling'
2026-04-28 13:38:10,259 INFO o.a.j.s.SaveService: Testplan (JMX) version: 2.2. Testlog (JTL) version: 2.2
2026-04-28 13:38:10,316 INFO o.a.j.s.SaveService: Using SaveService properties version 5.0
2026-04-28 13:38:10,321 INFO o.a.j.s.SaveService: Using SaveService properties file encoding UTF-8
2026-04-28 13:38:10,326 INFO o.a.j.s.SaveService: Loading file: test_plan_1.jmx
2026-04-28 13:38:10,424 INFO o.a.j.p.h.s.HTTPSamplerBase: Parser for text/html is org.apache.jmeter.protocol.http.parser.LagartoBasedHtmlParser
2026-04-28 13:38:10,424 INFO o.a.j.p.h.s.HTTPSamplerBase: Parser for application/xhtml+xml is org.apache.jmeter.protocol.http.parser.LagartoBasedHtmlParser
2026-04-28 13:38:10,425 INFO o.a.j.p.h.s.HTTPSamplerBase: Parser for application/xml is org.apache.jmeter.protocol.http.parser.LagartoBasedHtmlParser
2026-04-28 13:38:10,425 INFO o.a.j.p.h.s.HTTPSamplerBase: Parser for text/xml is org.apache.jmeter.protocol.http.parser.LagartoBasedHtmlParser
2026-04-28 13:38:10,425 INFO o.a.j.p.h.s.HTTPSamplerBase: Parser for text/vnd.wap.wml is org.apache.jmeter.protocol.http.parser.RegexpHTMLParser
2026-04-28 13:38:10,425 INFO o.a.j.p.h.s.HTTPSamplerBase: Parser for text/css is org.apache.jmeter.protocol.http.parser.CssParser
2026-04-28 13:38:10,483 INFO o.a.j.JMeter: Creating summariser <summary>
2026-04-28 13:38:10,509 INFO o.a.j.e.StandardJMeterEngine: Running the test!
2026-04-28 13:38:10,511 INFO o.a.j.s.SampleEvent: List of sample_variables: []
2026-04-28 13:38:10,511 INFO o.a.j.s.SampleEvent: List of sample_variables: []
2026-04-28 13:38:10,521 INFO o.a.j.e.u.CompoundVariable: Note: Function class names must contain the string: '.functions.'
2026-04-28 13:38:10,521 INFO o.a.j.e.u.CompoundVariable: Note: Function class names must not contain the string: '.gui.'
2026-04-28 13:38:10,654 INFO o.a.j.JMeter: Running test (1777358290654)
2026-04-28 13:38:10,679 INFO o.a.j.e.StandardJMeterEngine: Starting ThreadGroup: 1 : Thread Group 1
2026-04-28 13:38:10,680 INFO o.a.j.e.StandardJMeterEngine: Starting 10 threads for group Thread Group 1.
2026-04-28 13:38:10,680 INFO o.a.j.e.StandardJMeterEngine: Thread will continue on error
2026-04-28 13:38:10,680 INFO o.a.j.t.ThreadGroup: Starting thread group... number=1 threads=10 ramp-up=1 delayedStart=false
2026-04-28 13:38:10,691 INFO o.a.j.t.JMeterThread: Thread started: Thread Group 1 1-1
2026-04-28 13:38:10,692 INFO o.a.j.t.ThreadGroup: Started thread group number 1
2026-04-28 13:38:10,693 INFO o.a.j.e.StandardJMeterEngine: All thread groups have been started
2026-04-28 13:38:10,719 INFO o.a.j.p.h.s.HTTPHCAbstractImpl: Local host = DESKTOP-4RD1RSE
2026-04-28 13:38:10,728 INFO o.a.j.p.h.s.HTTPHC4Impl: HTTP request retry count = 0
2026-04-28 13:38:10,730 INFO o.a.j.s.SampleResult: Note: Sample TimeStamps are START times
2026-04-28 13:38:10,730 INFO o.a.j.s.SampleResult: sampleresult.default.encoding is set to UTF-8
2026-04-28 13:38:10,730 INFO o.a.j.s.SampleResult: sampleresult.useNanoTime=true
2026-04-28 13:38:10,730 INFO o.a.j.s.SampleResult: sampleresult.nanoThreadSleep=5000
2026-04-28 13:38:10,787 INFO o.a.j.t.JMeterThread: Thread started: Thread Group 1 1-2
2026-04-28 13:38:10,887 INFO o.a.j.t.JMeterThread: Thread started: Thread Group 1 1-3
2026-04-28 13:38:10,943 INFO o.a.j.t.JMeterThread: Thread is done: Thread Group 1 1-2
2026-04-28 13:38:10,943 INFO o.a.j.t.JMeterThread: Thread finished: Thread Group 1 1-2
2026-04-28 13:38:10,948 INFO o.a.j.t.JMeterThread: Thread is done: Thread Group 1 1-1
2026-04-28 13:38:10,948 INFO o.a.j.t.JMeterThread: Thread finished: Thread Group 1 1-1
2026-04-28 13:38:10,984 INFO o.a.j.t.JMeterThread: Thread is done: Thread Group 1 1-3
2026-04-28 13:38:10,985 INFO o.a.j.t.JMeterThread: Thread finished: Thread Group 1 1-3
2026-04-28 13:38:10,985 INFO o.a.j.t.JMeterThread: Thread started: Thread Group 1 1-4
2026-04-28 13:38:11,035 INFO o.a.j.t.JMeterThread: Thread is done: Thread Group 1 1-4
2026-04-28 13:38:11,035 INFO o.a.j.t.JMeterThread: Thread finished: Thread Group 1 1-4
2026-04-28 13:38:11,084 INFO o.a.j.t.JMeterThread: Thread started: Thread Group 1 1-5
2026-04-28 13:38:11,139 INFO o.a.j.t.JMeterThread: Thread is done: Thread Group 1 1-5
2026-04-28 13:38:11,139 INFO o.a.j.t.JMeterThread: Thread finished: Thread Group 1 1-5
2026-04-28 13:38:11,183 INFO o.a.j.t.JMeterThread: Thread started: Thread Group 1 1-6
2026-04-28 13:38:11,230 INFO o.a.j.t.JMeterThread: Thread is done: Thread Group 1 1-6
2026-04-28 13:38:11,231 INFO o.a.j.t.JMeterThread: Thread finished: Thread Group 1 1-6
2026-04-28 13:38:11,283 INFO o.a.j.t.JMeterThread: Thread started: Thread Group 1 1-7
2026-04-28 13:38:11,328 INFO o.a.j.t.JMeterThread: Thread is done: Thread Group 1 1-7
2026-04-28 13:38:11,328 INFO o.a.j.t.JMeterThread: Thread finished: Thread Group 1 1-7
2026-04-28 13:38:11,383 INFO o.a.j.t.JMeterThread: Thread started: Thread Group 1 1-8
2026-04-28 13:38:11,435 INFO o.a.j.t.JMeterThread: Thread is done: Thread Group 1 1-8
2026-04-28 13:38:11,435 INFO o.a.j.t.JMeterThread: Thread finished: Thread Group 1 1-8
2026-04-28 13:38:11,485 INFO o.a.j.t.JMeterThread: Thread started: Thread Group 1 1-9
2026-04-28 13:38:11,533 INFO o.a.j.t.JMeterThread: Thread is done: Thread Group 1 1-9
2026-04-28 13:38:11,534 INFO o.a.j.t.JMeterThread: Thread finished: Thread Group 1 1-9
2026-04-28 13:38:11,582 INFO o.a.j.t.JMeterThread: Thread started: Thread Group 1 1-10
2026-04-28 13:38:11,627 INFO o.a.j.t.JMeterThread: Thread is done: Thread Group 1 1-10
2026-04-28 13:38:11,627 INFO o.a.j.t.JMeterThread: Thread finished: Thread Group 1 1-10
2026-04-28 13:38:11,628 INFO o.a.j.e.StandardJMeterEngine: Notifying test listeners of end of test
2026-04-28 13:38:11,632 INFO o.a.j.r.Summariser: summary =     30 in 00:00:01 =   30.8/s Avg:    21 Min:     4 Max:   102 Err:     0 (0.00%)
